Upload started: 2026-08-26T12:55:45Z
Source: /Volumes/Samsung 990-2/100 Hours
Destination: gs://100hr-data/
OK    /Volumes/Samsung 990-2/100 Hours/Diamond/mytronlabs-000207-106.aac -> gs://100hr-data/Diamond/IMU/mytronlabs-000207-106.aac
OK    /Volumes/Samsung 990-2/100 Hours/Diamond/mytronlabs-000207-035.mp4 -> gs://100hr-data/Diamond/Videos/mytronlabs-000207-035.mp4
OK    /Volumes/Samsung 990-2/100 Hours/Diamond/mytronlabs-000014-042.txt -> gs://100hr-data/Diamond/IMU/mytronlabs-000014-042.txt
OK    /Volumes/Samsung 990-2/100 Hours/Diamond/mytronlabs-000007-019.aac -> gs://100hr-data/Diamond/IMU/mytronlabs-000007-019.aac
OK    /Volumes/Samsung 990-2/100 Hours/Diamond/mytronlabs-000207-021.mp4 -> gs://100hr-data/Diamond/Videos/mytronlabs-000207-021.mp4
OK    /Volumes/Samsung 990-2/100 Hours/Diamond/mytronlabs-000014-056.txt -> gs://100hr-data/Diamond/IMU/mytronlabs-000014-056.txt
OK    /Volumes/Samsung 990-2/100 Hours/Diamond/mytronlabs-000007-025.aac -> gs://100hr-data/Diamond/IMU/mytronlabs-000007-025.aac
OK    /Volumes/Samsung 990-2/100 Hours/Diamond/mytronlabs-000012-053.mp4 -> gs://100hr-data/Diamond/Videos/mytronlabs-000012-053.mp4
OK    /Volumes/Samsung 990-2/100 Hours/Diamond/mytronlabs-000007-031.aac -> gs://100hr-data/Diamond/IMU/mytronlabs-000007-031.aac
OK    /Volumes/Samsung 990-2/100 Hours/Diamond/mytronlabs-000012-047.mp4 -> gs://100hr-data/Diamond/Videos/mytronlabs-000012-047.mp4
OK    /Volumes/Samsung 990-2/100 Hours/Diamond/mytronlabs-000207-049.txt -> gs://100hr-data/Diamond/IMU/mytronlabs-000207-049.txt
OK    /Volumes/Samsung 990-2/100 Hours/Diamond/mytronlabs-000204-006.aac -> gs://100hr-data/Diamond/IMU/mytronlabs-000204-006.aac
OK    /Volumes/Samsung 990-2/100 Hours/Diamond/mytronlabs-000001-048.aac -> gs://100hr-data/Diamond/IMU/mytronlabs-000001-048.aac
OK    /Volumes/Samsung 990-2/100 Hours/Diamond/mytronlabs-000012-013.txt -> gs://100hr-data/Diamond/IMU/mytronlabs-000012-013.txt
OK    /Volumes/Samsung 990-2/100 Hours/Diamond/mytronlabs-000012-007.txt -> gs://100hr-data/Diamond/IMU/mytronlabs-000012-007.txt
OK    /Volumes/Samsung 990-2/100 Hours/Diamond/mytronlabs-000204-012.aac -> gs://100hr-data/Diamond/IMU/mytronlabs-000204-012.aac
OK    /Volumes/Samsung 990-2/100 Hours/Diamond/mytronlabs-000014-002.mp4 -> gs://100hr-data/Diamond/Videos/mytronlabs-000014-002.mp4
OK    /Volumes/Samsung 990-2/100 Hours/Diamond/mytronlabs-000207-075.txt -> gs://100hr-data/Diamond/IMU/mytronlabs-000207-075.txt
OK    /Volumes/Samsung 990-2/100 Hours/Diamond/mytronlabs-000204-109.mp4 -> gs://100hr-data/Diamond/Videos/mytronlabs-000204-109.mp4
OK    /Volumes/Samsung 990-2/100 Hours/Diamond/mytronlabs-000014-016.mp4 -> gs://100hr-data/Diamond/Videos/mytronlabs-000014-016.mp4
OK    /Volumes/Samsung 990-2/100 Hours/Diamond/mytronlabs-000207-061.txt -> gs://100hr-data/Diamond/IMU/mytronlabs-000207-061.txt
OK    /Volumes/Samsung 990-2/100 Hours/Diamond/mytronlabs-000001-060.aac -> gs://100hr-data/Diamond/IMU/mytronlabs-000001-060.aac
OK    /Volumes/Samsung 990-2/100 Hours/Diamond/mytronlabs-000006-008.aac -> gs://100hr-data/Diamond/IMU/mytronlabs-000006-008.aac
OK    /Volumes/Samsung 990-2/100 Hours/Diamond/mytronlabs-000006-034.aac -> gs://100hr-data/Diamond/IMU/mytronlabs-000006-034.aac
OK    /Volumes/Samsung 990-2/100 Hours/Diamond/mytronlabs-000006-020.aac -> gs://100hr-data/Diamond/IMU/mytronlabs-000006-020.aac
OK    /Volumes/Samsung 990-2/100 Hours/Diamond/mytronlabs-000003-016.txt -> gs://100hr-data/Diamond/IMU/mytronlabs-000003-016.txt
OK    /Volumes/Samsung 990-2/100 Hours/Diamond/mytronlabs-000003-002.txt -> gs://100hr-data/Diamond/IMU/mytronlabs-000003-002.txt
OK    /Volumes/Samsung 990-2/100 Hours/Diamond/mytronlabs-000003-011.aac -> gs://100hr-data/Diamond/IMU/mytronlabs-000003-011.aac
OK    /Volumes/Samsung 990-2/100 Hours/Diamond/mytronlabs-000003-005.aac -> gs://100hr-data/Diamond/IMU/mytronlabs-000003-005.aac
OK    /Volumes/Samsung 990-2/100 Hours/Diamond/mytronlabs-000006-033.txt -> gs://100hr-data/Diamond/IMU/mytronlabs-000006-033.txt
OK    /Volumes/Samsung 990-2/100 Hours/Diamond/mytronlabs-000006-027.txt -> gs://100hr-data/Diamond/IMU/mytronlabs-000006-027.txt
OK    /Volumes/Samsung 990-2/100 Hours/Diamond/mytronlabs-000207-072.aac -> gs://100hr-data/Diamond/IMU/mytronlabs-000207-072.aac
OK    /Volumes/Samsung 990-2/100 Hours/Diamond/mytronlabs-000204-082.mp4 -> gs://100hr-data/Diamond/Videos/mytronlabs-000204-082.mp4
OK    /Volumes/Samsung 990-2/100 Hours/Diamond/mytronlabs-000012-028.aac -> gs://100hr-data/Diamond/IMU/mytronlabs-000012-028.aac
OK    /Volumes/Samsung 990-2/100 Hours/Diamond/mytronlabs-000204-096.mp4 -> gs://100hr-data/Diamond/Videos/mytronlabs-000204-096.mp4
OK    /Volumes/Samsung 990-2/100 Hours/Diamond/mytronlabs-000204-029.txt -> gs://100hr-data/Diamond/IMU/mytronlabs-000204-029.txt
OK    /Volumes/Samsung 990-2/100 Hours/Diamond/mytronlabs-000207-066.aac -> gs://100hr-data/Diamond/IMU/mytronlabs-000207-066.aac
OK    /Volumes/Samsung 990-2/100 Hours/Diamond/mytronlabs-000012-014.aac -> gs://100hr-data/Diamond/IMU/mytronlabs-000012-014.aac
OK    /Volumes/Samsung 990-2/100 Hours/Diamond/mytronlabs-000204-015.txt -> gs://100hr-data/Diamond/IMU/mytronlabs-000204-015.txt
OK    /Volumes/Samsung 990-2/100 Hours/Diamond/mytronlabs-000204-041.mp4 -> gs://100hr-data/Diamond/Videos/mytronlabs-000204-041.mp4
OK    /Volumes/Samsung 990-2/100 Hours/Diamond/mytronlabs-000007-022.txt -> gs://100hr-data/Diamond/IMU/mytronlabs-000007-022.txt
OK    /Volumes/Samsung 990-2/100 Hours/Diamond/mytronlabs-000007-036.txt -> gs://100hr-data/Diamond/IMU/mytronlabs-000007-036.txt
OK    /Volumes/Samsung 990-2/100 Hours/Diamond/mytronlabs-000204-055.mp4 -> gs://100hr-data/Diamond/Videos/mytronlabs-000204-055.mp4
OK    /Volumes/Samsung 990-2/100 Hours/Diamond/mytronlabs-000207-101.txt -> gs://100hr-data/Diamond/IMU/mytronlabs-000207-101.txt
OK    /Volumes/Samsung 990-2/100 Hours/Diamond/mytronlabs-000014-045.aac -> gs://100hr-data/Diamond/IMU/mytronlabs-000014-045.aac
OK    /Volumes/Samsung 990-2/100 Hours/Diamond/mytronlabs-000001-033.mp4 -> gs://100hr-data/Diamond/Videos/mytronlabs-000001-033.mp4
OK    /Volumes/Samsung 990-2/100 Hours/Diamond/mytronlabs-000014-051.aac -> gs://100hr-data/Diamond/IMU/mytronlabs-000014-051.aac
OK    /Volumes/Samsung 990-2/100 Hours/Diamond/mytronlabs-000204-069.mp4 -> gs://100hr-data/Diamond/Videos/mytronlabs-000204-069.mp4
OK    /Volumes/Samsung 990-2/100 Hours/Diamond/mytronlabs-000001-027.mp4 -> gs://100hr-data/Diamond/Videos/mytronlabs-000001-027.mp4
OK    /Volumes/Samsung 990-2/100 Hours/Diamond/mytronlabs-000207-099.aac -> gs://100hr-data/Diamond/IMU/mytronlabs-000207-099.aac
OK    /Volumes/Samsung 990-2/100 Hours/Diamond/mytronlabs-000207-098.aac -> gs://100hr-data/Diamond/IMU/mytronlabs-000207-098.aac
OK    /Volumes/Samsung 990-2/100 Hours/Diamond/mytronlabs-000204-068.mp4 -> gs://100hr-data/Diamond/Videos/mytronlabs-000204-068.mp4
OK    /Volumes/Samsung 990-2/100 Hours/Diamond/mytronlabs-000001-026.mp4 -> gs://100hr-data/Diamond/Videos/mytronlabs-000001-026.mp4
OK    /Volumes/Samsung 990-2/100 Hours/Diamond/mytronlabs-000014-050.aac -> gs://100hr-data/Diamond/IMU/mytronlabs-000014-050.aac
OK    /Volumes/Samsung 990-2/100 Hours/Diamond/mytronlabs-000001-032.mp4 -> gs://100hr-data/Diamond/Videos/mytronlabs-000001-032.mp4
OK    /Volumes/Samsung 990-2/100 Hours/Diamond/mytronlabs-000014-044.aac -> gs://100hr-data/Diamond/IMU/mytronlabs-000014-044.aac
OK    /Volumes/Samsung 990-2/100 Hours/Diamond/mytronlabs-000207-100.txt -> gs://100hr-data/Diamond/IMU/mytronlabs-000207-100.txt
OK    /Volumes/Samsung 990-2/100 Hours/Diamond/mytronlabs-000007-037.txt -> gs://100hr-data/Diamond/IMU/mytronlabs-000007-037.txt
OK    /Volumes/Samsung 990-2/100 Hours/Diamond/mytronlabs-000204-054.mp4 -> gs://100hr-data/Diamond/Videos/mytronlabs-000204-054.mp4
OK    /Volumes/Samsung 990-2/100 Hours/Diamond/mytronlabs-000204-040.mp4 -> gs://100hr-data/Diamond/Videos/mytronlabs-000204-040.mp4
OK    /Volumes/Samsung 990-2/100 Hours/Diamond/mytronlabs-000007-023.txt -> gs://100hr-data/Diamond/IMU/mytronlabs-000007-023.txt
OK    /Volumes/Samsung 990-2/100 Hours/Diamond/mytronlabs-000012-001.aac -> gs://100hr-data/Diamond/IMU/mytronlabs-000012-001.aac
OK    /Volumes/Samsung 990-2/100 Hours/Diamond/mytronlabs-000204-014.txt -> gs://100hr-data/Diamond/IMU/mytronlabs-000204-014.txt
OK    /Volumes/Samsung 990-2/100 Hours/Diamond/mytronlabs-000012-015.aac -> gs://100hr-data/Diamond/IMU/mytronlabs-000012-015.aac
OK    /Volumes/Samsung 990-2/100 Hours/Diamond/mytronlabs-000207-067.aac -> gs://100hr-data/Diamond/IMU/mytronlabs-000207-067.aac
