Upload started: 2026-08-26T12:20:35Z
Source: /Volumes/Samsung 990-2/100 Hours
Destination: gs://100hr-data/
OK    /Volumes/Samsung 990-2/100 Hours/Diamond/mytronlabs-000207-106.aac -> gs://100hr-data/Diamond/mytronlabs-000207-106.aac
OK    /Volumes/Samsung 990-2/100 Hours/Diamond/mytronlabs-000207-035.mp4 -> gs://100hr-data/Diamond/mytronlabs-000207-035.mp4
OK    /Volumes/Samsung 990-2/100 Hours/Diamond/mytronlabs-000014-042.txt -> gs://100hr-data/Diamond/mytronlabs-000014-042.txt
OK    /Volumes/Samsung 990-2/100 Hours/Diamond/mytronlabs-000007-019.aac -> gs://100hr-data/Diamond/mytronlabs-000007-019.aac
OK    /Volumes/Samsung 990-2/100 Hours/Diamond/mytronlabs-000207-021.mp4 -> gs://100hr-data/Diamond/mytronlabs-000207-021.mp4
OK    /Volumes/Samsung 990-2/100 Hours/Diamond/mytronlabs-000014-056.txt -> gs://100hr-data/Diamond/mytronlabs-000014-056.txt
OK    /Volumes/Samsung 990-2/100 Hours/Diamond/mytronlabs-000007-025.aac -> gs://100hr-data/Diamond/mytronlabs-000007-025.aac
OK    /Volumes/Samsung 990-2/100 Hours/Diamond/mytronlabs-000012-053.mp4 -> gs://100hr-data/Diamond/mytronlabs-000012-053.mp4
OK    /Volumes/Samsung 990-2/100 Hours/Diamond/mytronlabs-000007-031.aac -> gs://100hr-data/Diamond/mytronlabs-000007-031.aac
OK    /Volumes/Samsung 990-2/100 Hours/Diamond/mytronlabs-000012-047.mp4 -> gs://100hr-data/Diamond/mytronlabs-000012-047.mp4
OK    /Volumes/Samsung 990-2/100 Hours/Diamond/mytronlabs-000207-049.txt -> gs://100hr-data/Diamond/mytronlabs-000207-049.txt
OK    /Volumes/Samsung 990-2/100 Hours/Diamond/mytronlabs-000204-006.aac -> gs://100hr-data/Diamond/mytronlabs-000204-006.aac
OK    /Volumes/Samsung 990-2/100 Hours/Diamond/mytronlabs-000001-048.aac -> gs://100hr-data/Diamond/mytronlabs-000001-048.aac
OK    /Volumes/Samsung 990-2/100 Hours/Diamond/mytronlabs-000012-013.txt -> gs://100hr-data/Diamond/mytronlabs-000012-013.txt
OK    /Volumes/Samsung 990-2/100 Hours/Diamond/mytronlabs-000012-007.txt -> gs://100hr-data/Diamond/mytronlabs-000012-007.txt
OK    /Volumes/Samsung 990-2/100 Hours/Diamond/mytronlabs-000204-012.aac -> gs://100hr-data/Diamond/mytronlabs-000204-012.aac
OK    /Volumes/Samsung 990-2/100 Hours/Diamond/mytronlabs-000014-002.mp4 -> gs://100hr-data/Diamond/mytronlabs-000014-002.mp4
OK    /Volumes/Samsung 990-2/100 Hours/Diamond/mytronlabs-000207-075.txt -> gs://100hr-data/Diamond/mytronlabs-000207-075.txt
OK    /Volumes/Samsung 990-2/100 Hours/Diamond/mytronlabs-000204-109.mp4 -> gs://100hr-data/Diamond/mytronlabs-000204-109.mp4
OK    /Volumes/Samsung 990-2/100 Hours/Diamond/mytronlabs-000014-016.mp4 -> gs://100hr-data/Diamond/mytronlabs-000014-016.mp4
OK    /Volumes/Samsung 990-2/100 Hours/Diamond/mytronlabs-000207-061.txt -> gs://100hr-data/Diamond/mytronlabs-000207-061.txt
OK    /Volumes/Samsung 990-2/100 Hours/Diamond/mytronlabs-000001-060.aac -> gs://100hr-data/Diamond/mytronlabs-000001-060.aac
OK    /Volumes/Samsung 990-2/100 Hours/Diamond/mytronlabs-000006-008.aac -> gs://100hr-data/Diamond/mytronlabs-000006-008.aac
OK    /Volumes/Samsung 990-2/100 Hours/Diamond/mytronlabs-000006-034.aac -> gs://100hr-data/Diamond/mytronlabs-000006-034.aac
OK    /Volumes/Samsung 990-2/100 Hours/Diamond/mytronlabs-000006-020.aac -> gs://100hr-data/Diamond/mytronlabs-000006-020.aac
OK    /Volumes/Samsung 990-2/100 Hours/Diamond/mytronlabs-000003-016.txt -> gs://100hr-data/Diamond/mytronlabs-000003-016.txt
OK    /Volumes/Samsung 990-2/100 Hours/Diamond/mytronlabs-000003-002.txt -> gs://100hr-data/Diamond/mytronlabs-000003-002.txt
OK    /Volumes/Samsung 990-2/100 Hours/Diamond/mytronlabs-000003-011.aac -> gs://100hr-data/Diamond/mytronlabs-000003-011.aac
OK    /Volumes/Samsung 990-2/100 Hours/Diamond/mytronlabs-000003-005.aac -> gs://100hr-data/Diamond/mytronlabs-000003-005.aac
OK    /Volumes/Samsung 990-2/100 Hours/Diamond/mytronlabs-000006-033.txt -> gs://100hr-data/Diamond/mytronlabs-000006-033.txt
OK    /Volumes/Samsung 990-2/100 Hours/Diamond/mytronlabs-000006-027.txt -> gs://100hr-data/Diamond/mytronlabs-000006-027.txt
OK    /Volumes/Samsung 990-2/100 Hours/Diamond/mytronlabs-000207-072.aac -> gs://100hr-data/Diamond/mytronlabs-000207-072.aac
OK    /Volumes/Samsung 990-2/100 Hours/Diamond/mytronlabs-000204-082.mp4 -> gs://100hr-data/Diamond/mytronlabs-000204-082.mp4
OK    /Volumes/Samsung 990-2/100 Hours/Diamond/mytronlabs-000012-028.aac -> gs://100hr-data/Diamond/mytronlabs-000012-028.aac
OK    /Volumes/Samsung 990-2/100 Hours/Diamond/mytronlabs-000204-096.mp4 -> gs://100hr-data/Diamond/mytronlabs-000204-096.mp4
OK    /Volumes/Samsung 990-2/100 Hours/Diamond/mytronlabs-000204-029.txt -> gs://100hr-data/Diamond/mytronlabs-000204-029.txt
OK    /Volumes/Samsung 990-2/100 Hours/Diamond/mytronlabs-000207-066.aac -> gs://100hr-data/Diamond/mytronlabs-000207-066.aac
OK    /Volumes/Samsung 990-2/100 Hours/Diamond/mytronlabs-000012-014.aac -> gs://100hr-data/Diamond/mytronlabs-000012-014.aac
OK    /Volumes/Samsung 990-2/100 Hours/Diamond/mytronlabs-000204-015.txt -> gs://100hr-data/Diamond/mytronlabs-000204-015.txt
OK    /Volumes/Samsung 990-2/100 Hours/Diamond/mytronlabs-000204-041.mp4 -> gs://100hr-data/Diamond/mytronlabs-000204-041.mp4
OK    /Volumes/Samsung 990-2/100 Hours/Diamond/mytronlabs-000007-022.txt -> gs://100hr-data/Diamond/mytronlabs-000007-022.txt
OK    /Volumes/Samsung 990-2/100 Hours/Diamond/mytronlabs-000007-036.txt -> gs://100hr-data/Diamond/mytronlabs-000007-036.txt
OK    /Volumes/Samsung 990-2/100 Hours/Diamond/mytronlabs-000204-055.mp4 -> gs://100hr-data/Diamond/mytronlabs-000204-055.mp4
OK    /Volumes/Samsung 990-2/100 Hours/Diamond/mytronlabs-000207-101.txt -> gs://100hr-data/Diamond/mytronlabs-000207-101.txt
OK    /Volumes/Samsung 990-2/100 Hours/Diamond/mytronlabs-000014-045.aac -> gs://100hr-data/Diamond/mytronlabs-000014-045.aac
OK    /Volumes/Samsung 990-2/100 Hours/Diamond/mytronlabs-000001-033.mp4 -> gs://100hr-data/Diamond/mytronlabs-000001-033.mp4
OK    /Volumes/Samsung 990-2/100 Hours/Diamond/mytronlabs-000014-051.aac -> gs://100hr-data/Diamond/mytronlabs-000014-051.aac
OK    /Volumes/Samsung 990-2/100 Hours/Diamond/mytronlabs-000204-069.mp4 -> gs://100hr-data/Diamond/mytronlabs-000204-069.mp4
OK    /Volumes/Samsung 990-2/100 Hours/Diamond/mytronlabs-000001-027.mp4 -> gs://100hr-data/Diamond/mytronlabs-000001-027.mp4
OK    /Volumes/Samsung 990-2/100 Hours/Diamond/mytronlabs-000207-099.aac -> gs://100hr-data/Diamond/mytronlabs-000207-099.aac
OK    /Volumes/Samsung 990-2/100 Hours/Diamond/mytronlabs-000207-098.aac -> gs://100hr-data/Diamond/mytronlabs-000207-098.aac
OK    /Volumes/Samsung 990-2/100 Hours/Diamond/mytronlabs-000204-068.mp4 -> gs://100hr-data/Diamond/mytronlabs-000204-068.mp4
OK    /Volumes/Samsung 990-2/100 Hours/Diamond/mytronlabs-000001-026.mp4 -> gs://100hr-data/Diamond/mytronlabs-000001-026.mp4
OK    /Volumes/Samsung 990-2/100 Hours/Diamond/mytronlabs-000014-050.aac -> gs://100hr-data/Diamond/mytronlabs-000014-050.aac
OK    /Volumes/Samsung 990-2/100 Hours/Diamond/mytronlabs-000001-032.mp4 -> gs://100hr-data/Diamond/mytronlabs-000001-032.mp4
OK    /Volumes/Samsung 990-2/100 Hours/Diamond/mytronlabs-000014-044.aac -> gs://100hr-data/Diamond/mytronlabs-000014-044.aac
OK    /Volumes/Samsung 990-2/100 Hours/Diamond/mytronlabs-000207-100.txt -> gs://100hr-data/Diamond/mytronlabs-000207-100.txt
OK    /Volumes/Samsung 990-2/100 Hours/Diamond/mytronlabs-000007-037.txt -> gs://100hr-data/Diamond/mytronlabs-000007-037.txt
OK    /Volumes/Samsung 990-2/100 Hours/Diamond/mytronlabs-000204-054.mp4 -> gs://100hr-data/Diamond/mytronlabs-000204-054.mp4
OK    /Volumes/Samsung 990-2/100 Hours/Diamond/mytronlabs-000204-040.mp4 -> gs://100hr-data/Diamond/mytronlabs-000204-040.mp4
OK    /Volumes/Samsung 990-2/100 Hours/Diamond/mytronlabs-000007-023.txt -> gs://100hr-data/Diamond/mytronlabs-000007-023.txt
OK    /Volumes/Samsung 990-2/100 Hours/Diamond/mytronlabs-000012-001.aac -> gs://100hr-data/Diamond/mytronlabs-000012-001.aac
OK    /Volumes/Samsung 990-2/100 Hours/Diamond/mytronlabs-000204-014.txt -> gs://100hr-data/Diamond/mytronlabs-000204-014.txt
OK    /Volumes/Samsung 990-2/100 Hours/Diamond/mytronlabs-000012-015.aac -> gs://100hr-data/Diamond/mytronlabs-000012-015.aac
OK    /Volumes/Samsung 990-2/100 Hours/Diamond/mytronlabs-000207-067.aac -> gs://100hr-data/Diamond/mytronlabs-000207-067.aac
OK    /Volumes/Samsung 990-2/100 Hours/Diamond/mytronlabs-000204-028.txt -> gs://100hr-data/Diamond/mytronlabs-000204-028.txt
OK    /Volumes/Samsung 990-2/100 Hours/Diamond/mytronlabs-000001-066.txt -> gs://100hr-data/Diamond/mytronlabs-000001-066.txt
OK    /Volumes/Samsung 990-2/100 Hours/Diamond/mytronlabs-000204-097.mp4 -> gs://100hr-data/Diamond/mytronlabs-000204-097.mp4
OK    /Volumes/Samsung 990-2/100 Hours/Diamond/mytronlabs-000204-083.mp4 -> gs://100hr-data/Diamond/mytronlabs-000204-083.mp4
OK    /Volumes/Samsung 990-2/100 Hours/Diamond/mytronlabs-000207-073.aac -> gs://100hr-data/Diamond/mytronlabs-000207-073.aac
OK    /Volumes/Samsung 990-2/100 Hours/Diamond/mytronlabs-000012-029.aac -> gs://100hr-data/Diamond/mytronlabs-000012-029.aac
OK    /Volumes/Samsung 990-2/100 Hours/Diamond/mytronlabs-000006-026.txt -> gs://100hr-data/Diamond/mytronlabs-000006-026.txt
OK    /Volumes/Samsung 990-2/100 Hours/Diamond/mytronlabs-000006-032.txt -> gs://100hr-data/Diamond/mytronlabs-000006-032.txt
OK    /Volumes/Samsung 990-2/100 Hours/Diamond/mytronlabs-000003-004.aac -> gs://100hr-data/Diamond/mytronlabs-000003-004.aac
OK    /Volumes/Samsung 990-2/100 Hours/Diamond/mytronlabs-000003-010.aac -> gs://100hr-data/Diamond/mytronlabs-000003-010.aac
OK    /Volumes/Samsung 990-2/100 Hours/Diamond/mytronlabs-000003-003.txt -> gs://100hr-data/Diamond/mytronlabs-000003-003.txt
OK    /Volumes/Samsung 990-2/100 Hours/Diamond/mytronlabs-000003-017.txt -> gs://100hr-data/Diamond/mytronlabs-000003-017.txt
OK    /Volumes/Samsung 990-2/100 Hours/Diamond/mytronlabs-000006-021.aac -> gs://100hr-data/Diamond/mytronlabs-000006-021.aac
OK    /Volumes/Samsung 990-2/100 Hours/Diamond/mytronlabs-000006-035.aac -> gs://100hr-data/Diamond/mytronlabs-000006-035.aac
OK    /Volumes/Samsung 990-2/100 Hours/Diamond/mytronlabs-000006-009.aac -> gs://100hr-data/Diamond/mytronlabs-000006-009.aac
OK    /Volumes/Samsung 990-2/100 Hours/Diamond/mytronlabs-000001-061.aac -> gs://100hr-data/Diamond/mytronlabs-000001-061.aac
OK    /Volumes/Samsung 990-2/100 Hours/Diamond/mytronlabs-000207-060.txt -> gs://100hr-data/Diamond/mytronlabs-000207-060.txt
OK    /Volumes/Samsung 990-2/100 Hours/Diamond/mytronlabs-000014-017.mp4 -> gs://100hr-data/Diamond/mytronlabs-000014-017.mp4
OK    /Volumes/Samsung 990-2/100 Hours/Diamond/mytronlabs-000204-108.mp4 -> gs://100hr-data/Diamond/mytronlabs-000204-108.mp4
OK    /Volumes/Samsung 990-2/100 Hours/Diamond/mytronlabs-000207-074.txt -> gs://100hr-data/Diamond/mytronlabs-000207-074.txt
OK    /Volumes/Samsung 990-2/100 Hours/Diamond/mytronlabs-000014-003.mp4 -> gs://100hr-data/Diamond/mytronlabs-000014-003.mp4
OK    /Volumes/Samsung 990-2/100 Hours/Diamond/mytronlabs-000012-006.txt -> gs://100hr-data/Diamond/mytronlabs-000012-006.txt
OK    /Volumes/Samsung 990-2/100 Hours/Diamond/mytronlabs-000204-013.aac -> gs://100hr-data/Diamond/mytronlabs-000204-013.aac
OK    /Volumes/Samsung 990-2/100 Hours/Diamond/mytronlabs-000204-007.aac -> gs://100hr-data/Diamond/mytronlabs-000204-007.aac
OK    /Volumes/Samsung 990-2/100 Hours/Diamond/mytronlabs-000001-049.aac -> gs://100hr-data/Diamond/mytronlabs-000001-049.aac
OK    /Volumes/Samsung 990-2/100 Hours/Diamond/mytronlabs-000207-048.txt -> gs://100hr-data/Diamond/mytronlabs-000207-048.txt
OK    /Volumes/Samsung 990-2/100 Hours/Diamond/mytronlabs-000012-012.txt -> gs://100hr-data/Diamond/mytronlabs-000012-012.txt
OK    /Volumes/Samsung 990-2/100 Hours/Diamond/mytronlabs-000012-046.mp4 -> gs://100hr-data/Diamond/mytronlabs-000012-046.mp4
OK    /Volumes/Samsung 990-2/100 Hours/Diamond/mytronlabs-000007-030.aac -> gs://100hr-data/Diamond/mytronlabs-000007-030.aac
OK    /Volumes/Samsung 990-2/100 Hours/Diamond/mytronlabs-000012-052.mp4 -> gs://100hr-data/Diamond/mytronlabs-000012-052.mp4
OK    /Volumes/Samsung 990-2/100 Hours/Diamond/mytronlabs-000007-024.aac -> gs://100hr-data/Diamond/mytronlabs-000007-024.aac
OK    /Volumes/Samsung 990-2/100 Hours/Diamond/mytronlabs-000014-057.txt -> gs://100hr-data/Diamond/mytronlabs-000014-057.txt
OK    /Volumes/Samsung 990-2/100 Hours/Diamond/mytronlabs-000207-020.mp4 -> gs://100hr-data/Diamond/mytronlabs-000207-020.mp4
OK    /Volumes/Samsung 990-2/100 Hours/Diamond/mytronlabs-000014-043.txt -> gs://100hr-data/Diamond/mytronlabs-000014-043.txt
OK    /Volumes/Samsung 990-2/100 Hours/Diamond/mytronlabs-000207-034.mp4 -> gs://100hr-data/Diamond/mytronlabs-000207-034.mp4
OK    /Volumes/Samsung 990-2/100 Hours/Diamond/mytronlabs-000207-107.aac -> gs://100hr-data/Diamond/mytronlabs-000207-107.aac
OK    /Volumes/Samsung 990-2/100 Hours/Diamond/mytronlabs-000007-018.aac -> gs://100hr-data/Diamond/mytronlabs-000007-018.aac
OK    /Volumes/Samsung 990-2/100 Hours/Diamond/mytronlabs-000207-022.mp4 -> gs://100hr-data/Diamond/mytronlabs-000207-022.mp4
OK    /Volumes/Samsung 990-2/100 Hours/Diamond/mytronlabs-000014-055.txt -> gs://100hr-data/Diamond/mytronlabs-000014-055.txt
OK    /Volumes/Samsung 990-2/100 Hours/Diamond/mytronlabs-000207-105.aac -> gs://100hr-data/Diamond/mytronlabs-000207-105.aac
OK    /Volumes/Samsung 990-2/100 Hours/Diamond/mytronlabs-000207-089.txt -> gs://100hr-data/Diamond/mytronlabs-000207-089.txt
OK    /Volumes/Samsung 990-2/100 Hours/Diamond/mytronlabs-000207-036.mp4 -> gs://100hr-data/Diamond/mytronlabs-000207-036.mp4
OK    /Volumes/Samsung 990-2/100 Hours/Diamond/mytronlabs-000014-041.txt -> gs://100hr-data/Diamond/mytronlabs-000014-041.txt
OK    /Volumes/Samsung 990-2/100 Hours/Diamond/mytronlabs-000007-032.aac -> gs://100hr-data/Diamond/mytronlabs-000007-032.aac
OK    /Volumes/Samsung 990-2/100 Hours/Diamond/mytronlabs-000012-044.mp4 -> gs://100hr-data/Diamond/mytronlabs-000012-044.mp4
OK    /Volumes/Samsung 990-2/100 Hours/Diamond/mytronlabs-000007-026.aac -> gs://100hr-data/Diamond/mytronlabs-000007-026.aac
OK    /Volumes/Samsung 990-2/100 Hours/Diamond/mytronlabs-000012-050.mp4 -> gs://100hr-data/Diamond/mytronlabs-000012-050.mp4
OK    /Volumes/Samsung 990-2/100 Hours/Diamond/mytronlabs-000014-029.mp4 -> gs://100hr-data/Diamond/mytronlabs-000014-029.mp4
OK    /Volumes/Samsung 990-2/100 Hours/Diamond/mytronlabs-000204-011.aac -> gs://100hr-data/Diamond/mytronlabs-000204-011.aac
OK    /Volumes/Samsung 990-2/100 Hours/Diamond/mytronlabs-000012-004.txt -> gs://100hr-data/Diamond/mytronlabs-000012-004.txt
OK    /Volumes/Samsung 990-2/100 Hours/Diamond/mytronlabs-000012-010.txt -> gs://100hr-data/Diamond/mytronlabs-000012-010.txt
OK    /Volumes/Samsung 990-2/100 Hours/Diamond/mytronlabs-000014-015.mp4 -> gs://100hr-data/Diamond/mytronlabs-000014-015.mp4
OK    /Volumes/Samsung 990-2/100 Hours/Diamond/mytronlabs-000207-062.txt -> gs://100hr-data/Diamond/mytronlabs-000207-062.txt
OK    /Volumes/Samsung 990-2/100 Hours/Diamond/mytronlabs-000001-063.aac -> gs://100hr-data/Diamond/mytronlabs-000001-063.aac
OK    /Volumes/Samsung 990-2/100 Hours/Diamond/mytronlabs-000012-038.txt -> gs://100hr-data/Diamond/mytronlabs-000012-038.txt
OK    /Volumes/Samsung 990-2/100 Hours/Diamond/mytronlabs-000014-001.mp4 -> gs://100hr-data/Diamond/mytronlabs-000014-001.mp4
OK    /Volumes/Samsung 990-2/100 Hours/Diamond/mytronlabs-000207-076.txt -> gs://100hr-data/Diamond/mytronlabs-000207-076.txt
OK    /Volumes/Samsung 990-2/100 Hours/Diamond/mytronlabs-000204-039.aac -> gs://100hr-data/Diamond/mytronlabs-000204-039.aac
OK    /Volumes/Samsung 990-2/100 Hours/Diamond/mytronlabs-000006-023.aac -> gs://100hr-data/Diamond/mytronlabs-000006-023.aac
OK    /Volumes/Samsung 990-2/100 Hours/Diamond/mytronlabs-000006-037.aac -> gs://100hr-data/Diamond/mytronlabs-000006-037.aac
OK    /Volumes/Samsung 990-2/100 Hours/Diamond/mytronlabs-000003-001.txt -> gs://100hr-data/Diamond/mytronlabs-000003-001.txt
OK    /Volumes/Samsung 990-2/100 Hours/Diamond/mytronlabs-000003-015.txt -> gs://100hr-data/Diamond/mytronlabs-000003-015.txt
OK    /Volumes/Samsung 990-2/100 Hours/Diamond/mytronlabs-000003-029.txt -> gs://100hr-data/Diamond/mytronlabs-000003-029.txt
OK    /Volumes/Samsung 990-2/100 Hours/Diamond/mytronlabs-000003-006.aac -> gs://100hr-data/Diamond/mytronlabs-000003-006.aac
OK    /Volumes/Samsung 990-2/100 Hours/Diamond/mytronlabs-000003-012.aac -> gs://100hr-data/Diamond/mytronlabs-000003-012.aac
OK    /Volumes/Samsung 990-2/100 Hours/Diamond/mytronlabs-000006-024.txt -> gs://100hr-data/Diamond/mytronlabs-000006-024.txt
OK    /Volumes/Samsung 990-2/100 Hours/Diamond/mytronlabs-000006-030.txt -> gs://100hr-data/Diamond/mytronlabs-000006-030.txt
OK    /Volumes/Samsung 990-2/100 Hours/Diamond/mytronlabs-000006-018.txt -> gs://100hr-data/Diamond/mytronlabs-000006-018.txt
OK    /Volumes/Samsung 990-2/100 Hours/Diamond/mytronlabs-000204-095.mp4 -> gs://100hr-data/Diamond/mytronlabs-000204-095.mp4
OK    /Volumes/Samsung 990-2/100 Hours/Diamond/mytronlabs-000001-064.txt -> gs://100hr-data/Diamond/mytronlabs-000001-064.txt
OK    /Volumes/Samsung 990-2/100 Hours/Diamond/mytronlabs-000207-065.aac -> gs://100hr-data/Diamond/mytronlabs-000207-065.aac
OK    /Volumes/Samsung 990-2/100 Hours/Diamond/mytronlabs-000207-071.aac -> gs://100hr-data/Diamond/mytronlabs-000207-071.aac
OK    /Volumes/Samsung 990-2/100 Hours/Diamond/mytronlabs-000204-081.mp4 -> gs://100hr-data/Diamond/mytronlabs-000204-081.mp4
OK    /Volumes/Samsung 990-2/100 Hours/Diamond/mytronlabs-000001-058.txt -> gs://100hr-data/Diamond/mytronlabs-000001-058.txt
OK    /Volumes/Samsung 990-2/100 Hours/Diamond/mytronlabs-000204-016.txt -> gs://100hr-data/Diamond/mytronlabs-000204-016.txt
OK    /Volumes/Samsung 990-2/100 Hours/Diamond/mytronlabs-000207-059.aac -> gs://100hr-data/Diamond/mytronlabs-000207-059.aac
OK    /Volumes/Samsung 990-2/100 Hours/Diamond/mytronlabs-000012-003.aac -> gs://100hr-data/Diamond/mytronlabs-000012-003.aac
OK    /Volumes/Samsung 990-2/100 Hours/Diamond/mytronlabs-000012-017.aac -> gs://100hr-data/Diamond/mytronlabs-000012-017.aac
OK    /Volumes/Samsung 990-2/100 Hours/Diamond/mytronlabs-000001-018.mp4 -> gs://100hr-data/Diamond/mytronlabs-000001-018.mp4
OK    /Volumes/Samsung 990-2/100 Hours/Diamond/mytronlabs-000204-056.mp4 -> gs://100hr-data/Diamond/mytronlabs-000204-056.mp4
OK    /Volumes/Samsung 990-2/100 Hours/Diamond/mytronlabs-000007-035.txt -> gs://100hr-data/Diamond/mytronlabs-000007-035.txt
OK    /Volumes/Samsung 990-2/100 Hours/Diamond/mytronlabs-000007-021.txt -> gs://100hr-data/Diamond/mytronlabs-000007-021.txt
OK    /Volumes/Samsung 990-2/100 Hours/Diamond/mytronlabs-000204-042.mp4 -> gs://100hr-data/Diamond/mytronlabs-000204-042.mp4
OK    /Volumes/Samsung 990-2/100 Hours/Diamond/mytronlabs-000014-052.aac -> gs://100hr-data/Diamond/mytronlabs-000014-052.aac
OK    /Volumes/Samsung 990-2/100 Hours/Diamond/mytronlabs-000001-024.mp4 -> gs://100hr-data/Diamond/mytronlabs-000001-024.mp4
OK    /Volumes/Samsung 990-2/100 Hours/Diamond/mytronlabs-000007-009.txt -> gs://100hr-data/Diamond/mytronlabs-000007-009.txt
OK    /Volumes/Samsung 990-2/100 Hours/Diamond/mytronlabs-000207-102.txt -> gs://100hr-data/Diamond/mytronlabs-000207-102.txt
FAIL  /Volumes/Samsung 990-2/100 Hours/Diamond/mytronlabs-000014-046.aac -> gs://100hr-data/Diamond/mytronlabs-000014-046.aac
